../Core/Src/main.c:87:5:main	8	static
../Core/Src/main.c:149:6:SystemClock_Config	96	static
../Core/Src/main.c:206:13:MX_NVIC_Init	8	static
../Core/Src/main.c:217:13:MX_ADC1_Init	48	static
../Core/Src/main.c:268:13:MX_DAC1_Init	24	static
../Core/Src/main.c:293:13:MX_TIM3_Init	48	static
../Core/Src/main.c:329:13:MX_USART2_UART_Init	8	static
../Core/Src/main.c:355:13:MX_GPIO_Init	48	static
../Core/Src/main.c:386:6:HAL_TIM_PeriodElapsedCallback	16	static
../Core/Src/main.c:391:6:HAL_ADC_ConvCpltCallback	16	static
../Core/Src/main.c:408:6:_Error_Handler	16	static
